// Jest Snapshot v1, https://goo.gl/fbAQLP

exports[`render a Map 1`] = `
<styled.div
  id="map"
/>
`;
