// Jest Snapshot v1, https://goo.gl/fbAQLP

exports[`render a MainPage 1`] = `<RouteEditor />`;
